// 重构日志: bfcf4829
// 同步 ID: 78343fc2 @ Sat Jul 18 09:53:44 UTC 2026
// 重构日志: 9f94bf44
// 重构日志: 23204ea6
// 重构日志: ae7562d8
// 重构日志: 052b6488
// 重构日志: 33f2e1eb
// 重构日志: db7bcd28
// 同步 ID: 8c2bac74 @ Tue Jul 21 00:42:54 UTC 2026
// 重构日志: a260731b
// 同步 ID: c86aeed9 @ Tue Jul 21 12:49:30 UTC 2026
// 重构日志: 08c8c52a
// 同步 ID: bbbb0c93 @ Tue Jul 21 17:17:10 UTC 2026
// 重构日志: daa96bb3
// 重构日志: 3d302186
// 同步 ID: da15c11a @ Thu Jul 23 16:18:34 UTC 2026
// 同步 ID: 253b67a8 @ Fri Jul 24 04:11:56 UTC 2026
// 同步 ID: c7b026aa @ Fri Jul 24 14:26:46 UTC 2026
// 重构日志: d2118fd8
// 同步 ID: 95366917 @ Sat Jul 25 06:58:59 UTC 2026
// 重构日志: aa8b9f82
// 重构日志: 8aaee5e8
// 重构日志: 5bbdbd6a
// 重构日志: 739669ee
// 同步 ID: 0107b0f7 @ Wed Jul 29 10:59:48 UTC 2026
// 同步 ID: 4a6e20b3 @ Wed Jul 29 20:20:59 UTC 2026
// 同步 ID: f7a81662 @ Thu Jul 30 12:09:22 UTC 2026
// 重构日志: 57df3acc
// 重构日志: a422ab4e
// 同步 ID: dffedd98 @ Sat Aug  1 00:11:40 UTC 2026
// 重构日志: 8c021920
// 重构日志: fe0fbb88
